com/flightrez/controller/FlightController.class
com/flightrez/repository/ReservationRepository.class
com/flightrez/service/DataStore$AirportSeed.class
com/flightrez/FlightrezApplication.class
com/flightrez/dto/LoginRequest.class
com/flightrez/enums/Role.class
com/flightrez/entity/Seat.class
com/flightrez/enums/SeatStatus.class
com/flightrez/dto/ApiError.class
com/flightrez/service/FlightSeedDataRunner.class
com/flightrez/entity/UserAccount.class
com/flightrez/dto/RegisterRequest.class
com/flightrez/dto/CreateReservationRequest.class
com/flightrez/enums/ReservationStatus.class
com/flightrez/config/AppConfig.class
com/flightrez/dto/LockSeatRequest.class
com/flightrez/controller/ApiExceptionHandler.class
com/flightrez/service/ReservationService.class
com/flightrez/entity/Flight.class
com/flightrez/service/DataStore$RouteSeed.class
com/flightrez/entity/Reservation.class
com/flightrez/dto/SeatLockResponse.class
com/flightrez/service/DataStore.class
com/flightrez/service/PaymentService.class
