/Users/ilaydabilen/Desktop/flightrez/src/main/java/com/flightrez/FlightrezApplication.java
/Users/ilaydabilen/Desktop/flightrez/src/main/java/com/flightrez/config/AppConfig.java
/Users/ilaydabilen/Desktop/flightrez/src/main/java/com/flightrez/controller/ApiExceptionHandler.java
/Users/ilaydabilen/Desktop/flightrez/src/main/java/com/flightrez/controller/FlightController.java
/Users/ilaydabilen/Desktop/flightrez/src/main/java/com/flightrez/dto/ApiError.java
/Users/ilaydabilen/Desktop/flightrez/src/main/java/com/flightrez/dto/CreateReservationRequest.java
/Users/ilaydabilen/Desktop/flightrez/src/main/java/com/flightrez/dto/LockSeatRequest.java
/Users/ilaydabilen/Desktop/flightrez/src/main/java/com/flightrez/dto/LoginRequest.java
/Users/ilaydabilen/Desktop/flightrez/src/main/java/com/flightrez/dto/RegisterRequest.java
/Users/ilaydabilen/Desktop/flightrez/src/main/java/com/flightrez/dto/SeatLockResponse.java
/Users/ilaydabilen/Desktop/flightrez/src/main/java/com/flightrez/entity/Flight.java
/Users/ilaydabilen/Desktop/flightrez/src/main/java/com/flightrez/entity/Reservation.java
/Users/ilaydabilen/Desktop/flightrez/src/main/java/com/flightrez/entity/Seat.java
/Users/ilaydabilen/Desktop/flightrez/src/main/java/com/flightrez/entity/UserAccount.java
/Users/ilaydabilen/Desktop/flightrez/src/main/java/com/flightrez/enums/ReservationStatus.java
/Users/ilaydabilen/Desktop/flightrez/src/main/java/com/flightrez/enums/Role.java
/Users/ilaydabilen/Desktop/flightrez/src/main/java/com/flightrez/enums/SeatStatus.java
/Users/ilaydabilen/Desktop/flightrez/src/main/java/com/flightrez/repository/ReservationRepository.java
/Users/ilaydabilen/Desktop/flightrez/src/main/java/com/flightrez/service/DataStore.java
/Users/ilaydabilen/Desktop/flightrez/src/main/java/com/flightrez/service/FlightSeedDataRunner.java
/Users/ilaydabilen/Desktop/flightrez/src/main/java/com/flightrez/service/PaymentService.java
/Users/ilaydabilen/Desktop/flightrez/src/main/java/com/flightrez/service/ReservationService.java
